Loaded: trap.handler.nogc
The following symbols are undefined:
main

MainIntStringBool100COOL program successfully executed
