Loaded: trap.handler.nogc
The following symbols are undefined:
main

cCOOL program successfully executed
