Loaded: trap.handler.nogc
The following symbols are undefined:
main

18-new-self_type.cl:34: Dispatch to void.
