Loaded: trap.handler.nogc
The following symbols are undefined:
main

111COOL program successfully executed
