Loaded: trap.handler.nogc
The following symbols are undefined:
main

NO1
NO2
COOL program successfully executed
