Loaded: trap.handler.nogc
The following symbols are undefined:
main

2
1
2
COOL program successfully executed
