Loaded: trap.handler.nogc
The following symbols are undefined:
main

-6
COOL program successfully executed
