Loaded: trap.handler.nogc
The following symbols are undefined:
main

3 OK
a OK
a1 OK
a2 OK
b OK
b1 OK
b2 OK
x OK
self OK
comp OK
copy OK
COOL program successfully executed
