Loaded: trap.handler.nogc
The following symbols are undefined:
main

OK
OK
OK
OK
OK
OK
COOL program successfully executed
