Loaded: trap.handler.nogc
The following symbols are undefined:
main

55
11
OK
COOL program successfully executed
