Loaded: trap.handler.nogc
The following symbols are undefined:
main

COOL program successfully executed
