Loaded: trap.handler.nogc
The following symbols are undefined:
main

268501588`
Calculam factorial pentru: Factorial recursiv: 1
Factorial iterativ: 1
COOL program successfully executed
